// Jest Snapshot v1, https://goo.gl/fbAQLP

exports[`LoginPlaceholder should render correct LoginPlaceholder 1`] = `
{
  "asFragment": [Function],
  "baseElement": <body>
    <div>
      <div
        class="flex login-placeholder"
      >
        <span
          aria-busy="true"
          aria-live="polite"
          class="mr-12"
        >
          <span
            class="react-loading-skeleton w-[100px] min-w-[100px] lg:w-[200px] lg:min-w-[200px]  h-[40px] flex-shrink-0 overflow-hidden relative"
          >
            ‌
          </span>
          <br />
        </span>
        <span
          aria-busy="true"
          aria-live="polite"
          class="mr-12"
        >
          <span
            class="react-loading-skeleton w-[100px] min-w-[100px] lg:w-[200px] lg:min-w-[200px] mr-12 h-[40px] flex-shrink-0 overflow-hidden relative"
          >
            ‌
          </span>
          <br />
        </span>
        <span
          aria-busy="true"
          aria-live="polite"
        >
          <span
            class="react-loading-skeleton w-[80px] min-w-[80px] lg:w-[134px] lg:min-w-[150px] h-[40px] flex-shrink-0 overflow-hidden relative"
          >
            ‌
          </span>
          <br />
        </span>
      </div>
    </div>
  </body>,
  "container": <div>
    <div
      class="flex login-placeholder"
    >
      <span
        aria-busy="true"
        aria-live="polite"
        class="mr-12"
      >
        <span
          class="react-loading-skeleton w-[100px] min-w-[100px] lg:w-[200px] lg:min-w-[200px]  h-[40px] flex-shrink-0 overflow-hidden relative"
        >
          ‌
        </span>
        <br />
      </span>
      <span
        aria-busy="true"
        aria-live="polite"
        class="mr-12"
      >
        <span
          class="react-loading-skeleton w-[100px] min-w-[100px] lg:w-[200px] lg:min-w-[200px] mr-12 h-[40px] flex-shrink-0 overflow-hidden relative"
        >
          ‌
        </span>
        <br />
      </span>
      <span
        aria-busy="true"
        aria-live="polite"
      >
        <span
          class="react-loading-skeleton w-[80px] min-w-[80px] lg:w-[134px] lg:min-w-[150px] h-[40px] flex-shrink-0 overflow-hidden relative"
        >
          ‌
        </span>
        <br />
      </span>
    </div>
  </div>,
  "debug": [Function],
  "findAllByAltText": [Function],
  "findAllByDisplayValue": [Function],
  "findAllByLabelText": [Function],
  "findAllByPlaceholderText": [Function],
  "findAllByRole": [Function],
  "findAllByTestId": [Function],
  "findAllByText": [Function],
  "findAllByTitle": [Function],
  "findByAltText": [Function],
  "findByDisplayValue": [Function],
  "findByLabelText": [Function],
  "findByPlaceholderText": [Function],
  "findByRole": [Function],
  "findByTestId": [Function],
  "findByText": [Function],
  "findByTitle": [Function],
  "getAllByAltText": [Function],
  "getAllByDisplayValue": [Function],
  "getAllByLabelText": [Function],
  "getAllByPlaceholderText": [Function],
  "getAllByRole": [Function],
  "getAllByTestId": [Function],
  "getAllByText": [Function],
  "getAllByTitle": [Function],
  "getByAltText": [Function],
  "getByDisplayValue": [Function],
  "getByLabelText": [Function],
  "getByPlaceholderText": [Function],
  "getByRole": [Function],
  "getByTestId": [Function],
  "getByText": [Function],
  "getByTitle": [Function],
  "queryAllByAltText": [Function],
  "queryAllByDisplayValue": [Function],
  "queryAllByLabelText": [Function],
  "queryAllByPlaceholderText": [Function],
  "queryAllByRole": [Function],
  "queryAllByTestId": [Function],
  "queryAllByText": [Function],
  "queryAllByTitle": [Function],
  "queryByAltText": [Function],
  "queryByDisplayValue": [Function],
  "queryByLabelText": [Function],
  "queryByPlaceholderText": [Function],
  "queryByRole": [Function],
  "queryByTestId": [Function],
  "queryByText": [Function],
  "queryByTitle": [Function],
  "rerender": [Function],
  "unmount": [Function],
}
`;
