// Jest Snapshot v1, https://goo.gl/fbAQLP

exports[`UserAction should render correct Login 1`] = `
{
  "asFragment": [Function],
  "baseElement": <body>
    <div>
      <div
        class="user-action-container flex items-center"
      >
        <span
          class="txt-welcome "
        >
          Welcome 
          <span
            class="text-primary-250 font-semibold"
          />
        </span>
        <button
          class="btn-share-movie ml-12 w-[120px] h-[36px] flex items-center rounded-medium justify-center relative before:z-0  text-dark-high hover:before:bg-light-100/20 bg-dark-200 before:h-full before:w-full before:absolute before:top-0 before:left-0 before:rounded-medium "
        >
          Share a movie
        </button>
        <button
          class="btn-logout ml-12 border border-gray-300 h-[36px] px-[12px] rounded-medium"
        >
          Logout
        </button>
      </div>
    </div>
  </body>,
  "container": <div>
    <div
      class="user-action-container flex items-center"
    >
      <span
        class="txt-welcome "
      >
        Welcome 
        <span
          class="text-primary-250 font-semibold"
        />
      </span>
      <button
        class="btn-share-movie ml-12 w-[120px] h-[36px] flex items-center rounded-medium justify-center relative before:z-0  text-dark-high hover:before:bg-light-100/20 bg-dark-200 before:h-full before:w-full before:absolute before:top-0 before:left-0 before:rounded-medium "
      >
        Share a movie
      </button>
      <button
        class="btn-logout ml-12 border border-gray-300 h-[36px] px-[12px] rounded-medium"
      >
        Logout
      </button>
    </div>
  </div>,
  "debug": [Function],
  "findAllByAltText": [Function],
  "findAllByDisplayValue": [Function],
  "findAllByLabelText": [Function],
  "findAllByPlaceholderText": [Function],
  "findAllByRole": [Function],
  "findAllByTestId": [Function],
  "findAllByText": [Function],
  "findAllByTitle": [Function],
  "findByAltText": [Function],
  "findByDisplayValue": [Function],
  "findByLabelText": [Function],
  "findByPlaceholderText": [Function],
  "findByRole": [Function],
  "findByTestId": [Function],
  "findByText": [Function],
  "findByTitle": [Function],
  "getAllByAltText": [Function],
  "getAllByDisplayValue": [Function],
  "getAllByLabelText": [Function],
  "getAllByPlaceholderText": [Function],
  "getAllByRole": [Function],
  "getAllByTestId": [Function],
  "getAllByText": [Function],
  "getAllByTitle": [Function],
  "getByAltText": [Function],
  "getByDisplayValue": [Function],
  "getByLabelText": [Function],
  "getByPlaceholderText": [Function],
  "getByRole": [Function],
  "getByTestId": [Function],
  "getByText": [Function],
  "getByTitle": [Function],
  "queryAllByAltText": [Function],
  "queryAllByDisplayValue": [Function],
  "queryAllByLabelText": [Function],
  "queryAllByPlaceholderText": [Function],
  "queryAllByRole": [Function],
  "queryAllByTestId": [Function],
  "queryAllByText": [Function],
  "queryAllByTitle": [Function],
  "queryByAltText": [Function],
  "queryByDisplayValue": [Function],
  "queryByLabelText": [Function],
  "queryByPlaceholderText": [Function],
  "queryByRole": [Function],
  "queryByTestId": [Function],
  "queryByText": [Function],
  "queryByTitle": [Function],
  "rerender": [Function],
  "unmount": [Function],
}
`;
